
*****************************************
Setting OMP_NUM_THREADS environment variable for each process to be 1 in default, to avoid your system being overloaded, please further tune the variable for optimal performance in your application as needed. 
*****************************************
rank 0 init done in 0.4s
rank 1 init done in 0.4s
rank 2 init done in 0.4s
b00f76f85765:1845:1845 [0] NCCL INFO cudaDriverVersion 13000
b00f76f85765:1846:1846 [1] NCCL INFO cudaDriverVersion 13000
b00f76f85765:1845:1845 [0] NCCL INFO NCCL version 2.27.7+cuda13.0
b00f76f85765:1846:1846 [1] NCCL INFO NCCL version 2.27.7+cuda13.0
b00f76f85765:1847:1847 [2] NCCL INFO cudaDriverVersion 13000
b00f76f85765:1847:1847 [2] NCCL INFO NCCL version 2.27.7+cuda13.0
b00f76f85765:1845:1861 [0] NCCL INFO NET/Plugin: Could not find: libnccl-net.so. 
b00f76f85765:1846:1862 [1] NCCL INFO NET/Plugin: Could not find: libnccl-net.so. 
b00f76f85765:1845:1861 [0] NCCL INFO dlvsym failed on mlx5dv_get_data_direct_sysfs_path - /lib/x86_64-linux-gnu/libmlx5.so.1: undefined symbol: mlx5dv_get_data_direct_sysfs_path, version MLX5_1.25 version MLX5_1.25
b00f76f85765:1845:1861 [0] NCCL INFO dlvsym failed on mlx5dv_reg_dmabuf_mr - /lib/x86_64-linux-gnu/libmlx5.so.1: undefined symbol: mlx5dv_reg_dmabuf_mr, version MLX5_1.25 version MLX5_1.25
b00f76f85765:1845:1861 [0] NCCL INFO NET/IB : No device found.
b00f76f85765:1845:1861 [0] NCCL INFO NET/IB : Using [RO]; OOB eth0:172.19.0.2<0>
b00f76f85765:1845:1861 [0] NCCL INFO NET/Socket : Using [0]eth0:172.19.0.2<0>
b00f76f85765:1845:1861 [0] NCCL INFO Initialized NET plugin Socket
b00f76f85765:1845:1861 [0] NCCL INFO Assigned NET plugin Socket to comm
b00f76f85765:1845:1861 [0] NCCL INFO Using network Socket
b00f76f85765:1846:1862 [1] NCCL INFO dlvsym failed on mlx5dv_get_data_direct_sysfs_path - /lib/x86_64-linux-gnu/libmlx5.so.1: undefined symbol: mlx5dv_get_data_direct_sysfs_path, version MLX5_1.25 version MLX5_1.25
b00f76f85765:1846:1862 [1] NCCL INFO dlvsym failed on mlx5dv_reg_dmabuf_mr - /lib/x86_64-linux-gnu/libmlx5.so.1: undefined symbol: mlx5dv_reg_dmabuf_mr, version MLX5_1.25 version MLX5_1.25
b00f76f85765:1846:1862 [1] NCCL INFO NET/IB : No device found.
b00f76f85765:1846:1862 [1] NCCL INFO NET/IB : Using [RO]; OOB eth0:172.19.0.2<0>
b00f76f85765:1845:1861 [0] NCCL INFO ncclCommInitRankConfig comm 0x18bcf720 rank 0 nranks 3 cudaDev 0 nvmlDev 0 busId 44000 commId 0x6377520e6e0c8678 - Init START
b00f76f85765:1846:1862 [1] NCCL INFO NET/Socket : Using [0]eth0:172.19.0.2<0>
b00f76f85765:1846:1862 [1] NCCL INFO Initialized NET plugin Socket
b00f76f85765:1846:1862 [1] NCCL INFO Assigned NET plugin Socket to comm
b00f76f85765:1846:1862 [1] NCCL INFO Using network Socket
b00f76f85765:1846:1862 [1] NCCL INFO ncclCommInitRankConfig comm 0x30dbfce0 rank 1 nranks 3 cudaDev 1 nvmlDev 1 busId 45000 commId 0x6377520e6e0c8678 - Init START
b00f76f85765:1847:1863 [2] NCCL INFO NET/Plugin: Could not find: libnccl-net.so. 
b00f76f85765:1847:1863 [2] NCCL INFO dlvsym failed on mlx5dv_get_data_direct_sysfs_path - /lib/x86_64-linux-gnu/libmlx5.so.1: undefined symbol: mlx5dv_get_data_direct_sysfs_path, version MLX5_1.25 version MLX5_1.25
b00f76f85765:1847:1863 [2] NCCL INFO dlvsym failed on mlx5dv_reg_dmabuf_mr - /lib/x86_64-linux-gnu/libmlx5.so.1: undefined symbol: mlx5dv_reg_dmabuf_mr, version MLX5_1.25 version MLX5_1.25
b00f76f85765:1847:1863 [2] NCCL INFO NET/IB : No device found.
b00f76f85765:1847:1863 [2] NCCL INFO NET/IB : Using [RO]; OOB eth0:172.19.0.2<0>
b00f76f85765:1847:1863 [2] NCCL INFO NET/Socket : Using [0]eth0:172.19.0.2<0>
b00f76f85765:1847:1863 [2] NCCL INFO Initialized NET plugin Socket
b00f76f85765:1847:1863 [2] NCCL INFO Assigned NET plugin Socket to comm
b00f76f85765:1847:1863 [2] NCCL INFO Using network Socket
b00f76f85765:1847:1863 [2] NCCL INFO ncclCommInitRankConfig comm 0x406dfeb0 rank 2 nranks 3 cudaDev 2 nvmlDev 2 busId 83000 commId 0x6377520e6e0c8678 - Init START
b00f76f85765:1846:1862 [1] NCCL INFO RAS client listening socket at ::1<28028>
b00f76f85765:1847:1863 [2] NCCL INFO RAS client listening socket at ::1<28028>
b00f76f85765:1845:1861 [0] NCCL INFO RAS client listening socket at ::1<28028>
b00f76f85765:1847:1863 [2] NCCL INFO TOPO/NET : Importing network plugins to topology
b00f76f85765:1847:1863 [2] NCCL INFO Retrieving state for Socket
b00f76f85765:1847:1863 [2] NCCL INFO Initialized state 0 for Socket
b00f76f85765:1847:1863 [2] NCCL INFO NET/Socket : GPU Direct RDMA Disabled for HCA 0 'eth0'
b00f76f85765:1847:1863 [2] NCCL INFO ncclTopoPopulateNics : Filled eth0 in topo with pciPath=(null) keep=1 coll=(null)
b00f76f85765:1846:1862 [1] NCCL INFO TOPO/NET : Importing network plugins to topology
b00f76f85765:1846:1862 [1] NCCL INFO Retrieving state for Socket
b00f76f85765:1846:1862 [1] NCCL INFO Initialized state 0 for Socket
b00f76f85765:1845:1861 [0] NCCL INFO TOPO/NET : Importing network plugins to topology
b00f76f85765:1845:1861 [0] NCCL INFO Retrieving state for Socket
b00f76f85765:1845:1861 [0] NCCL INFO Initialized state 0 for Socket
b00f76f85765:1846:1862 [1] NCCL INFO NET/Socket : GPU Direct RDMA Disabled for HCA 0 'eth0'
b00f76f85765:1846:1862 [1] NCCL INFO ncclTopoPopulateNics : Filled eth0 in topo with pciPath=(null) keep=1 coll=(null)
b00f76f85765:1845:1861 [0] NCCL INFO NET/Socket : GPU Direct RDMA Disabled for HCA 0 'eth0'
b00f76f85765:1845:1861 [0] NCCL INFO ncclTopoPopulateNics : Filled eth0 in topo with pciPath=(null) keep=1 coll=(null)
b00f76f85765:1846:1862 [1] NCCL INFO === System : maxBw 24.0 totalBw 24.0 ===
b00f76f85765:1846:1862 [1] NCCL INFO CPU/0-0 (1/2/-1)
b00f76f85765:1846:1862 [1] NCCL INFO + PCI[5000.0] - NIC/0-0
b00f76f85765:1846:1862 [1] NCCL INFO + PCI[48.0] - PCI/0-41000 (1000c03015d91d24)
b00f76f85765:1846:1862 [1] NCCL INFO               + PCI[24.0] - GPU/0-44000 (0)
b00f76f85765:1846:1862 [1] NCCL INFO               + PCI[24.0] - GPU/0-45000 (1)
b00f76f85765:1846:1862 [1] NCCL INFO + SYS[16.0] - CPU/0-1
b00f76f85765:1846:1862 [1] NCCL INFO CPU/0-1 (1/2/-1)
b00f76f85765:1846:1862 [1] NCCL INFO + PCI[48.0] - PCI/0-81000 (1000c03015d91d24)
b00f76f85765:1846:1862 [1] NCCL INFO               + PCI[24.0] - GPU/0-83000 (2)
b00f76f85765:1846:1862 [1] NCCL INFO + SYS[16.0] - CPU/0-0
b00f76f85765:1846:1862 [1] NCCL INFO ==========================================
b00f76f85765:1846:1862 [1] NCCL INFO GPU/0-44000 :GPU/0-44000 (0/5000.0/LOC) GPU/0-45000 (2/24.0/PIX) GPU/0-83000 (5/16.0/SYS) CPU/0-0 (2/24.0/PHB) CPU/0-1 (3/16.0/SYS) 
b00f76f85765:1846:1862 [1] NCCL INFO GPU/0-45000 :GPU/0-44000 (2/24.0/PIX) GPU/0-45000 (0/5000.0/LOC) GPU/0-83000 (5/16.0/SYS) CPU/0-0 (2/24.0/PHB) CPU/0-1 (3/16.0/SYS) 
b00f76f85765:1846:1862 [1] NCCL INFO GPU/0-83000 :GPU/0-44000 (5/16.0/SYS) GPU/0-45000 (5/16.0/SYS) GPU/0-83000 (0/5000.0/LOC) CPU/0-0 (3/16.0/SYS) CPU/0-1 (2/24.0/PHB) 
b00f76f85765:1846:1862 [1] NCCL INFO Setting affinity for GPU 1 to 0-63,128-191
b00f76f85765:1845:1861 [0] NCCL INFO === System : maxBw 24.0 totalBw 24.0 ===
b00f76f85765:1846:1862 [1] NCCL INFO NVLS multicast support is not available on dev 1 (NVLS_NCHANNELS 0)
b00f76f85765:1845:1861 [0] NCCL INFO CPU/0-0 (1/2/-1)
b00f76f85765:1845:1861 [0] NCCL INFO + PCI[5000.0] - NIC/0-0
b00f76f85765:1845:1861 [0] NCCL INFO + PCI[48.0] - PCI/0-41000 (1000c03015d91d24)
b00f76f85765:1845:1861 [0] NCCL INFO               + PCI[24.0] - GPU/0-44000 (0)
b00f76f85765:1845:1861 [0] NCCL INFO               + PCI[24.0] - GPU/0-45000 (1)
b00f76f85765:1845:1861 [0] NCCL INFO + SYS[16.0] - CPU/0-1
b00f76f85765:1845:1861 [0] NCCL INFO CPU/0-1 (1/2/-1)
b00f76f85765:1845:1861 [0] NCCL INFO + PCI[48.0] - PCI/0-81000 (1000c03015d91d24)
b00f76f85765:1845:1861 [0] NCCL INFO               + PCI[24.0] - GPU/0-83000 (2)
b00f76f85765:1845:1861 [0] NCCL INFO + SYS[16.0] - CPU/0-0
b00f76f85765:1845:1861 [0] NCCL INFO ==========================================
b00f76f85765:1845:1861 [0] NCCL INFO GPU/0-44000 :GPU/0-44000 (0/5000.0/LOC) GPU/0-45000 (2/24.0/PIX) GPU/0-83000 (5/16.0/SYS) CPU/0-0 (2/24.0/PHB) CPU/0-1 (3/16.0/SYS) 
b00f76f85765:1845:1861 [0] NCCL INFO GPU/0-45000 :GPU/0-44000 (2/24.0/PIX) GPU/0-45000 (0/5000.0/LOC) GPU/0-83000 (5/16.0/SYS) CPU/0-0 (2/24.0/PHB) CPU/0-1 (3/16.0/SYS) 
b00f76f85765:1845:1861 [0] NCCL INFO GPU/0-83000 :GPU/0-44000 (5/16.0/SYS) GPU/0-45000 (5/16.0/SYS) GPU/0-83000 (0/5000.0/LOC) CPU/0-0 (3/16.0/SYS) CPU/0-1 (2/24.0/PHB) 
b00f76f85765:1845:1861 [0] NCCL INFO Setting affinity for GPU 0 to 0-63,128-191
b00f76f85765:1845:1861 [0] NCCL INFO NVLS multicast support is not available on dev 0 (NVLS_NCHANNELS 0)
b00f76f85765:1847:1863 [2] NCCL INFO === System : maxBw 24.0 totalBw 24.0 ===
b00f76f85765:1847:1863 [2] NCCL INFO CPU/0-0 (1/2/-1)
b00f76f85765:1847:1863 [2] NCCL INFO + PCI[5000.0] - NIC/0-0
b00f76f85765:1847:1863 [2] NCCL INFO + PCI[48.0] - PCI/0-41000 (1000c03015d91d24)
b00f76f85765:1847:1863 [2] NCCL INFO               + PCI[24.0] - GPU/0-44000 (0)
b00f76f85765:1847:1863 [2] NCCL INFO               + PCI[24.0] - GPU/0-45000 (1)
b00f76f85765:1847:1863 [2] NCCL INFO + SYS[16.0] - CPU/0-1
b00f76f85765:1847:1863 [2] NCCL INFO CPU/0-1 (1/2/-1)
b00f76f85765:1847:1863 [2] NCCL INFO + PCI[48.0] - PCI/0-81000 (1000c03015d91d24)
b00f76f85765:1847:1863 [2] NCCL INFO               + PCI[24.0] - GPU/0-83000 (2)
b00f76f85765:1847:1863 [2] NCCL INFO + SYS[16.0] - CPU/0-0
b00f76f85765:1847:1863 [2] NCCL INFO ==========================================
b00f76f85765:1847:1863 [2] NCCL INFO GPU/0-44000 :GPU/0-44000 (0/5000.0/LOC) GPU/0-45000 (2/24.0/PIX) GPU/0-83000 (5/16.0/SYS) CPU/0-0 (2/24.0/PHB) CPU/0-1 (3/16.0/SYS) 
b00f76f85765:1847:1863 [2] NCCL INFO GPU/0-45000 :GPU/0-44000 (2/24.0/PIX) GPU/0-45000 (0/5000.0/LOC) GPU/0-83000 (5/16.0/SYS) CPU/0-0 (2/24.0/PHB) CPU/0-1 (3/16.0/SYS) 
b00f76f85765:1847:1863 [2] NCCL INFO GPU/0-83000 :GPU/0-44000 (5/16.0/SYS) GPU/0-45000 (5/16.0/SYS) GPU/0-83000 (0/5000.0/LOC) CPU/0-0 (3/16.0/SYS) CPU/0-1 (2/24.0/PHB) 
b00f76f85765:1847:1863 [2] NCCL INFO Setting affinity for GPU 2 to 64-127,192-255
b00f76f85765:1845:1861 [0] NCCL INFO Pattern 4, crossNic 0, nChannels 1, bw 15.000000/15.000000, type SYS/PIX, sameChannels 1
b00f76f85765:1845:1861 [0] NCCL INFO  0 : GPU/0-44000 GPU/0-45000 GPU/0-83000
b00f76f85765:1847:1863 [2] NCCL INFO NVLS multicast support is not available on dev 2 (NVLS_NCHANNELS 0)
b00f76f85765:1846:1862 [1] NCCL INFO Pattern 4, crossNic 0, nChannels 1, bw 15.000000/15.000000, type SYS/PIX, sameChannels 1
b00f76f85765:1846:1862 [1] NCCL INFO  0 : GPU/0-44000 GPU/0-45000 GPU/0-83000
b00f76f85765:1845:1861 [0] NCCL INFO Pattern 1, crossNic 0, nChannels 1, bw 15.000000/15.000000, type SYS/PIX, sameChannels 1
b00f76f85765:1845:1861 [0] NCCL INFO  0 : GPU/0-44000 GPU/0-45000 GPU/0-83000
b00f76f85765:1847:1863 [2] NCCL INFO Pattern 4, crossNic 0, nChannels 1, bw 15.000000/15.000000, type SYS/PIX, sameChannels 1
b00f76f85765:1847:1863 [2] NCCL INFO  0 : GPU/0-44000 GPU/0-45000 GPU/0-83000
b00f76f85765:1846:1862 [1] NCCL INFO Pattern 1, crossNic 0, nChannels 1, bw 15.000000/15.000000, type SYS/PIX, sameChannels 1
b00f76f85765:1846:1862 [1] NCCL INFO  0 : GPU/0-44000 GPU/0-45000 GPU/0-83000
b00f76f85765:1847:1863 [2] NCCL INFO Pattern 1, crossNic 0, nChannels 1, bw 15.000000/15.000000, type SYS/PIX, sameChannels 1
b00f76f85765:1847:1863 [2] NCCL INFO  0 : GPU/0-44000 GPU/0-45000 GPU/0-83000
b00f76f85765:1845:1861 [0] NCCL INFO comm 0x18bcf720 rank 0 nRanks 3 nNodes 1 localRanks 3 localRank 0 MNNVL 0
b00f76f85765:1847:1863 [2] NCCL INFO comm 0x406dfeb0 rank 2 nRanks 3 nNodes 1 localRanks 3 localRank 2 MNNVL 0
b00f76f85765:1845:1861 [0] NCCL INFO Tree 0 : -1 -> 0 -> 1/-1/-1
b00f76f85765:1845:1861 [0] NCCL INFO Tree 1 : -1 -> 0 -> 1/-1/-1
b00f76f85765:1846:1862 [1] NCCL INFO comm 0x30dbfce0 rank 1 nRanks 3 nNodes 1 localRanks 3 localRank 1 MNNVL 0
b00f76f85765:1847:1863 [2] NCCL INFO Ring 00 : 1 -> 2 -> 0
b00f76f85765:1845:1861 [0] NCCL INFO Channel 00/02 : 0 1 2
b00f76f85765:1847:1863 [2] NCCL INFO Ring 01 : 1 -> 2 -> 0
b00f76f85765:1845:1861 [0] NCCL INFO Channel 01/02 : 0 1 2
b00f76f85765:1846:1862 [1] NCCL INFO Tree 0 : 0 -> 1 -> 2/-1/-1
b00f76f85765:1847:1863 [2] NCCL INFO Trees [0] -1/-1/-1->2->1 [1] -1/-1/-1->2->1
b00f76f85765:1845:1861 [0] NCCL INFO Ring 00 : 2 -> 0 -> 1
b00f76f85765:1846:1862 [1] NCCL INFO Tree 1 : 0 -> 1 -> 2/-1/-1
b00f76f85765:1847:1863 [2] NCCL INFO P2P Chunksize set to 131072
b00f76f85765:1845:1861 [0] NCCL INFO Ring 01 : 2 -> 0 -> 1
b00f76f85765:1845:1861 [0] NCCL INFO Trees [0] 1/-1/-1->0->-1 [1] 1/-1/-1->0->-1
b00f76f85765:1846:1862 [1] NCCL INFO Ring 00 : 0 -> 1 -> 2
b00f76f85765:1845:1861 [0] NCCL INFO P2P Chunksize set to 131072
b00f76f85765:1846:1862 [1] NCCL INFO Ring 01 : 0 -> 1 -> 2
b00f76f85765:1846:1862 [1] NCCL INFO Trees [0] 2/-1/-1->1->0 [1] 2/-1/-1->1->0
b00f76f85765:1846:1862 [1] NCCL INFO P2P Chunksize set to 131072
b00f76f85765:1847:1863 [2] NCCL INFO PROFILER/Plugin: Could not find: libnccl-profiler.so. 
b00f76f85765:1845:1861 [0] NCCL INFO PROFILER/Plugin: Could not find: libnccl-profiler.so. 
b00f76f85765:1845:1861 [0] NCCL INFO Check P2P Type isAllDirectP2p 0 directMode 0
b00f76f85765:1846:1862 [1] NCCL INFO PROFILER/Plugin: Could not find: libnccl-profiler.so. 
b00f76f85765:1847:1869 [2] NCCL INFO [Proxy Service UDS] Device 2 CPU core 68
b00f76f85765:1847:1867 [2] NCCL INFO [Proxy Service] Device 2 CPU core 201
b00f76f85765:1845:1870 [0] NCCL INFO [Proxy Service UDS] Device 0 CPU core 148
b00f76f85765:1845:1868 [0] NCCL INFO [Proxy Service] Device 0 CPU core 51
b00f76f85765:1846:1871 [1] NCCL INFO [Proxy Service] Device 1 CPU core 167
b00f76f85765:1846:1872 [1] NCCL INFO [Proxy Service UDS] Device 1 CPU core 14
b00f76f85765:1847:1863 [2] NCCL INFO threadThresholds 8/8/64 | 24/8/64 | 512 | 512
b00f76f85765:1847:1863 [2] NCCL INFO 2 coll channels, 2 collnet channels, 0 nvls channels, 2 p2p channels, 2 p2p channels per peer
b00f76f85765:1845:1861 [0] NCCL INFO threadThresholds 8/8/64 | 24/8/64 | 512 | 512
b00f76f85765:1845:1861 [0] NCCL INFO 2 coll channels, 2 collnet channels, 0 nvls channels, 2 p2p channels, 2 p2p channels per peer
b00f76f85765:1846:1862 [1] NCCL INFO threadThresholds 8/8/64 | 24/8/64 | 512 | 512
b00f76f85765:1846:1862 [1] NCCL INFO 2 coll channels, 2 collnet channels, 0 nvls channels, 2 p2p channels, 2 p2p channels per peer
b00f76f85765:1845:1861 [0] NCCL INFO CC Off, workFifoBytes 1048576
b00f76f85765:1847:1863 [2] NCCL INFO TUNER/Plugin: Could not find: libnccl-tuner.so. Using internal tuner plugin.
b00f76f85765:1847:1863 [2] NCCL INFO ncclCommInitRankConfig comm 0x406dfeb0 rank 2 nranks 3 cudaDev 2 nvmlDev 2 busId 83000 commId 0x6377520e6e0c8678 - Init COMPLETE
b00f76f85765:1847:1863 [2] NCCL INFO Init timings - ncclCommInitRankConfig: rank 2 nranks 3 total 0.20 (kernels 0.15, alloc 0.00, bootstrap 0.03, allgathers 0.00, topo 0.01, graphs 0.00, connections 0.00, rest 0.00)
b00f76f85765:1845:1861 [0] NCCL INFO TUNER/Plugin: Could not find: libnccl-tuner.so. Using internal tuner plugin.
b00f76f85765:1845:1861 [0] NCCL INFO ncclCommInitRankConfig comm 0x18bcf720 rank 0 nranks 3 cudaDev 0 nvmlDev 0 busId 44000 commId 0x6377520e6e0c8678 - Init COMPLETE
b00f76f85765:1845:1861 [0] NCCL INFO Init timings - ncclCommInitRankConfig: rank 0 nranks 3 total 0.21 (kernels 0.15, alloc 0.00, bootstrap 0.04, allgathers 0.00, topo 0.01, graphs 0.00, connections 0.00, rest 0.00)
b00f76f85765:1846:1862 [1] NCCL INFO TUNER/Plugin: Could not find: libnccl-tuner.so. Using internal tuner plugin.
b00f76f85765:1846:1862 [1] NCCL INFO ncclCommInitRankConfig comm 0x30dbfce0 rank 1 nranks 3 cudaDev 1 nvmlDev 1 busId 45000 commId 0x6377520e6e0c8678 - Init COMPLETE
b00f76f85765:1846:1862 [1] NCCL INFO Init timings - ncclCommInitRankConfig: rank 1 nranks 3 total 0.21 (kernels 0.15, alloc 0.00, bootstrap 0.04, allgathers 0.00, topo 0.01, graphs 0.00, connections 0.00, rest 0.00)
b00f76f85765:1845:1868 [0] NCCL INFO New proxy recv connection 0 from local rank 0, transport 1
b00f76f85765:1845:1873 [0] NCCL INFO Connected to proxy localRank 0 -> connection 0x729d20004f40
b00f76f85765:1846:1871 [1] NCCL INFO New proxy recv connection 0 from local rank 1, transport 0
b00f76f85765:1846:1874 [1] NCCL INFO Connected to proxy localRank 1 -> connection 0x75ff14004f40
b00f76f85765:1846:1871 [1] NCCL INFO Allocated shareable buffer 0x1b38000000 size 10485760 ipcDesc 0x75ff14008b80
b00f76f85765:1846:1871 [1] NCCL INFO New proxy recv connection 1 from local rank 1, transport 0
b00f76f85765:1846:1874 [1] NCCL INFO Connected to proxy localRank 1 -> connection 0x75ff14004fb8
b00f76f85765:1846:1871 [1] NCCL INFO Allocated shareable buffer 0x1b38a00000 size 10485760 ipcDesc 0x75ff1400a7f0
b00f76f85765:1846:1871 [1] NCCL INFO New proxy send connection 2 from local rank 1, transport 1
b00f76f85765:1846:1874 [1] NCCL INFO Connected to proxy localRank 1 -> connection 0x75ff14005030
b00f76f85765:1845:1868 [0] NCCL INFO New proxy recv connection 1 from local rank 0, transport 1
b00f76f85765:1845:1873 [0] NCCL INFO Connected to proxy localRank 0 -> connection 0x729d20004fb8
b00f76f85765:1847:1867 [2] NCCL INFO New proxy recv connection 0 from local rank 2, transport 1
b00f76f85765:1847:1875 [2] NCCL INFO Connected to proxy localRank 2 -> connection 0x7069d8004f40
b00f76f85765:1846:1874 [1] NCCL INFO Channel 00 : 1[1] -> 2[2] via SHM/direct/direct
b00f76f85765:1846:1871 [1] NCCL INFO New proxy send connection 3 from local rank 1, transport 1
b00f76f85765:1846:1874 [1] NCCL INFO Connected to proxy localRank 1 -> connection 0x75ff140050a8
b00f76f85765:1847:1867 [2] NCCL INFO New proxy recv connection 1 from local rank 2, transport 1
b00f76f85765:1847:1875 [2] NCCL INFO Connected to proxy localRank 2 -> connection 0x7069d8004fb8
b00f76f85765:1845:1873 [0] NCCL INFO Channel 00/0 : 0[0] -> 1[1] via P2P/CUMEM
b00f76f85765:1845:1868 [0] NCCL INFO New proxy send connection 2 from local rank 0, transport 0
b00f76f85765:1845:1873 [0] NCCL INFO Connected to proxy localRank 0 -> connection 0x729d20005030
b00f76f85765:1845:1868 [0] NCCL INFO Allocated shareable buffer 0x1b39400000 size 2097152 ipcDesc 0x729d2000ceb0
b00f76f85765:1845:1873 [0] NCCL INFO Channel 01/0 : 0[0] -> 1[1] via P2P/CUMEM
b00f76f85765:1845:1868 [0] NCCL INFO New proxy send connection 3 from local rank 0, transport 0
b00f76f85765:1845:1873 [0] NCCL INFO Connected to proxy localRank 0 -> connection 0x729d200050a8
b00f76f85765:1845:1868 [0] NCCL INFO Allocated shareable buffer 0x1b39600000 size 2097152 ipcDesc 0x729d2000e690
b00f76f85765:1846:1874 [1] NCCL INFO Channel 01 : 1[1] -> 2[2] via SHM/direct/direct
b00f76f85765:1847:1867 [2] NCCL INFO New proxy send connection 2 from local rank 2, transport 1
b00f76f85765:1847:1875 [2] NCCL INFO Connected to proxy localRank 2 -> connection 0x7069d8005030
b00f76f85765:1847:1875 [2] NCCL INFO Channel 00 : 2[2] -> 0[0] via SHM/direct/direct
b00f76f85765:1847:1867 [2] NCCL INFO New proxy send connection 3 from local rank 2, transport 1
b00f76f85765:1847:1875 [2] NCCL INFO Connected to proxy localRank 2 -> connection 0x7069d80050a8
b00f76f85765:1847:1875 [2] NCCL INFO Channel 01 : 2[2] -> 0[0] via SHM/direct/direct
b00f76f85765:1847:1867 [2] NCCL INFO New proxy send connection 4 from local rank 1, transport 0
b00f76f85765:1846:1874 [1] NCCL INFO Connected to proxy localRank 2 -> connection 0x7069d8005120
b00f76f85765:1846:1871 [1] NCCL INFO New proxy send connection 4 from local rank 0, transport 0
b00f76f85765:1845:1873 [0] NCCL INFO Connected to proxy localRank 1 -> connection 0x75ff14005120
b00f76f85765:1845:1868 [0] NCCL INFO New proxy send connection 4 from local rank 2, transport 0
b00f76f85765:1847:1875 [2] NCCL INFO Connected to proxy localRank 0 -> connection 0x729d20005120
b00f76f85765:1845:1873 [0] NCCL INFO UDS converted handle 0x75ff14008bd0 to fd 73 on remote peer 1
b00f76f85765:1845:1868 [0] NCCL INFO New proxy send connection 5 from local rank 1, transport 0
b00f76f85765:1846:1874 [1] NCCL INFO Connected to proxy localRank 0 -> connection 0x729d20005198
b00f76f85765:1845:1873 [0] NCCL INFO Imported shareable buffer device 0 size 10485760 ptr 0x1b3a000000
b00f76f85765:1847:1867 [2] NCCL INFO New proxy send connection 5 from local rank 0, transport 0
b00f76f85765:1845:1873 [0] NCCL INFO Connected to proxy localRank 2 -> connection 0x7069d8005198
b00f76f85765:1846:1874 [1] NCCL INFO UDS converted handle 0x729d2000cf00 to fd 74 on remote peer 0
b00f76f85765:1846:1871 [1] NCCL INFO New proxy send connection 5 from local rank 2, transport 0
b00f76f85765:1847:1875 [2] NCCL INFO Connected to proxy localRank 1 -> connection 0x75ff14005198
b00f76f85765:1846:1874 [1] NCCL INFO Imported shareable buffer device 1 size 2097152 ptr 0x1b3aa00000
b00f76f85765:1845:1873 [0] NCCL INFO UDS converted handle 0x75ff1400a840 to fd 75 on remote peer 1
b00f76f85765:1845:1873 [0] NCCL INFO Imported shareable buffer device 0 size 10485760 ptr 0x1b3ac00000
b00f76f85765:1846:1874 [1] NCCL INFO UDS converted handle 0x729d2000e6e0 to fd 75 on remote peer 0
b00f76f85765:1846:1874 [1] NCCL INFO Imported shareable buffer device 1 size 2097152 ptr 0x1b3b600000
b00f76f85765:1846:1874 [1] NCCL INFO Connected all rings, use ring PXN 0 GDR 1
b00f76f85765:1847:1875 [2] NCCL INFO Connected all rings, use ring PXN 0 GDR 1
b00f76f85765:1845:1873 [0] NCCL INFO Connected all rings, use ring PXN 0 GDR 1
W0914 19:34:55.344000 1777 torch/distributed/elastic/agent/server/api.py:725] Received 15 death signal, shutting down workers
W0914 19:34:55.348000 1777 torch/distributed/elastic/multiprocessing/api.py:908] Sending process 1845 closing signal SIGTERM
W0914 19:34:55.349000 1777 torch/distributed/elastic/multiprocessing/api.py:908] Sending process 1846 closing signal SIGTERM
b00f76f85765:1847:1867 [2] NCCL INFO [Service thread] Connection closed by localRank 0
W0914 19:34:55.350000 1777 torch/distributed/elastic/multiprocessing/api.py:908] Sending process 1847 closing signal SIGTERM
Traceback (most recent call last):
  File "<frozen runpy>", line 198, in _run_module_as_main
  File "<frozen runpy>", line 88, in _run_code
  File "/usr/local/lib/python3.12/dist-packages/torch/distributed/run.py", line 940, in <module>
    main()
  File "/usr/local/lib/python3.12/dist-packages/torch/distributed/elastic/multiprocessing/errors/__init__.py", line 357, in wrapper
    return f(*args, **kwargs)
           ^^^^^^^^^^^^^^^^^^
  File "/usr/local/lib/python3.12/dist-packages/torch/distributed/run.py", line 936, in main
    run(args)
  File "/usr/local/lib/python3.12/dist-packages/torch/distributed/run.py", line 927, in run
    elastic_launch(
  File "/usr/local/lib/python3.12/dist-packages/torch/distributed/launcher/api.py", line 156, in __call__
    return launch_agent(self._config, self._entrypoint, list(args))
           ^^^^^^^^^^^^^^^^^^^^^^^^^^^^^^^^^^^^^^^^^^^^^^^^^^^^^^^^
  File "/usr/local/lib/python3.12/dist-packages/torch/distributed/launcher/api.py", line 284, in launch_agent
    result = agent.run()
             ^^^^^^^^^^^
  File "/usr/local/lib/python3.12/dist-packages/torch/distributed/elastic/metrics/api.py", line 138, in wrapper
    result = f(*args, **kwargs)
             ^^^^^^^^^^^^^^^^^^
  File "/usr/local/lib/python3.12/dist-packages/torch/distributed/elastic/agent/server/api.py", line 717, in run
    result = self._invoke_run(role)
             ^^^^^^^^^^^^^^^^^^^^^^
  File "/usr/local/lib/python3.12/dist-packages/torch/distributed/elastic/agent/server/api.py", line 881, in _invoke_run
    time.sleep(monitor_interval)
  File "/usr/local/lib/python3.12/dist-packages/torch/distributed/elastic/multiprocessing/api.py", line 85, in _terminate_process_handler
    raise SignalException(f"Process {os.getpid()} got signal: {sigval}", sigval=sigval)
torch.distributed.elastic.multiprocessing.api.SignalException: Process 1777 got signal: 15
